# serializer version: 1
# name: test_get_schedule
  dict({
    'climate.zona_001': dict({
      'controller_time': '2026-09-25T12:22:06.806000',
      'season': 'summer',
      'summer': dict({
        'crono': list([
          'pre_comfort',
          'pre_comfort',
          'pre_comfort',
          'pre_comfort',
          'pre_comfort',
          'pre_comfort',
          'pre_comfort',
          'pre_comfort',
          'pre_comfort',
          'pre_comfort',
          'pre_comfort',
          'pre_comfort',
          'pre_comfort',
          'pre_comfort',
          'pre_comfort',
          'pre_comfort',
          'pre_comfort',
          'pre_comfort',
          'pre_comfort',
          'pre_comfort',
          'pre_comfort',
          'pre_comfort',
          'pre_comfort',
          'pre_comfort',
          'pre_comfort',
          'pre_comfort',
          'pre_comfort',
          'pre_comfort',
          'pre_comfort',
          'pre_comfort',
          'pre_comfort',
          'pre_comfort',
          'pre_comfort',
          'pre_comfort',
          'pre_comfort',
          'pre_comfort',
          'pre_comfort',
          'pre_comfort',
          'pre_comfort',
          'pre_comfort',
          'pre_comfort',
          'pre_comfort',
          'pre_comfort',
          'pre_comfort',
          'pre_comfort',
          'pre_comfort',
          'pre_comfort',
          'pre_comfort',
        ]),
        'days': list([
          dict({
            'day': 'sunday',
            'levels': list([
              'economy',
              'economy',
              'economy',
              'economy',
              'economy',
              'economy',
              'economy',
              'economy',
              'economy',
              'economy',
              'economy',
              'economy',
              'off',
              'off',
              'off',
              'off',
              'off',
              'off',
              'off',
              'off',
              'off',
              'off',
              'economy',
              'economy',
              'comfort',
              'comfort',
              'comfort',
              'comfort',
              'comfort',
              'comfort',
              'comfort',
              'comfort',
              'comfort',
              'comfort',
              'comfort',
              'comfort',
              'comfort',
              'comfort',
              'comfort',
              'comfort',
              'comfort',
              'comfort',
              'comfort',
              'comfort',
              'off',
              'off',
              'economy',
              'economy',
            ]),
            'preset': '1',
            'weekday': 0,
          }),
          dict({
            'day': 'monday',
            'levels': list([
              'economy',
              'economy',
              'economy',
              'economy',
              'economy',
              'economy',
              'economy',
              'economy',
              'economy',
              'economy',
              'economy',
              'economy',
              'off',
              'off',
              'off',
              'off',
              'off',
              'off',
              'off',
              'off',
              'off',
              'off',
              'economy',
              'economy',
              'comfort',
              'comfort',
              'comfort',
              'comfort',
              'comfort',
              'comfort',
              'comfort',
              'comfort',
              'comfort',
              'comfort',
              'comfort',
              'comfort',
              'comfort',
              'comfort',
              'comfort',
              'comfort',
              'comfort',
              'comfort',
              'comfort',
              'comfort',
              'off',
              'off',
              'economy',
              'economy',
            ]),
            'preset': '1',
            'weekday': 1,
          }),
          dict({
            'day': 'tuesday',
            'levels': list([
              'economy',
              'economy',
              'economy',
              'economy',
              'economy',
              'economy',
              'economy',
              'economy',
              'economy',
              'economy',
              'economy',
              'economy',
              'off',
              'off',
              'off',
              'off',
              'off',
              'off',
              'off',
              'off',
              'off',
              'off',
              'economy',
              'economy',
              'comfort',
              'comfort',
              'comfort',
              'comfort',
              'comfort',
              'comfort',
              'comfort',
              'comfort',
              'comfort',
              'comfort',
              'comfort',
              'comfort',
              'comfort',
              'comfort',
              'comfort',
              'comfort',
              'comfort',
              'comfort',
              'comfort',
              'comfort',
              'off',
              'off',
              'economy',
              'economy',
            ]),
            'preset': '1',
            'weekday': 2,
          }),
          dict({
            'day': 'wednesday',
            'levels': list([
              'economy',
              'economy',
              'economy',
              'economy',
              'economy',
              'economy',
              'economy',
              'economy',
              'economy',
              'economy',
              'economy',
              'economy',
              'off',
              'off',
              'off',
              'off',
              'off',
              'off',
              'off',
              'off',
              'off',
              'off',
              'economy',
              'economy',
              'comfort',
              'comfort',
              'comfort',
              'comfort',
              'comfort',
              'comfort',
              'comfort',
              'comfort',
              'comfort',
              'comfort',
              'comfort',
              'comfort',
              'comfort',
              'comfort',
              'comfort',
              'comfort',
              'comfort',
              'comfort',
              'comfort',
              'comfort',
              'off',
              'off',
              'economy',
              'economy',
            ]),
            'preset': '1',
            'weekday': 3,
          }),
          dict({
            'day': 'thursday',
            'levels': list([
              'economy',
              'economy',
              'economy',
              'economy',
              'economy',
              'economy',
              'economy',
              'economy',
              'economy',
              'economy',
              'economy',
              'economy',
              'off',
              'off',
              'off',
              'off',
              'off',
              'off',
              'off',
              'off',
              'off',
              'off',
              'economy',
              'economy',
              'comfort',
              'comfort',
              'comfort',
              'comfort',
              'comfort',
              'comfort',
              'comfort',
              'comfort',
              'comfort',
              'comfort',
              'comfort',
              'comfort',
              'comfort',
              'comfort',
              'comfort',
              'comfort',
              'comfort',
              'comfort',
              'comfort',
              'comfort',
              'off',
              'off',
              'economy',
              'economy',
            ]),
            'preset': '1',
            'weekday': 4,
          }),
          dict({
            'day': 'friday',
            'levels': list([
              'economy',
              'economy',
              'economy',
              'economy',
              'economy',
              'economy',
              'economy',
              'economy',
              'economy',
              'economy',
              'economy',
              'economy',
              'off',
              'off',
              'off',
              'off',
              'off',
              'off',
              'off',
              'off',
              'off',
              'off',
              'economy',
              'economy',
              'comfort',
              'comfort',
              'comfort',
              'comfort',
              'comfort',
              'comfort',
              'comfort',
              'comfort',
              'comfort',
              'comfort',
              'comfort',
              'comfort',
              'comfort',
              'comfort',
              'comfort',
              'comfort',
              'comfort',
              'comfort',
              'comfort',
              'comfort',
              'off',
              'off',
              'economy',
              'economy',
            ]),
            'preset': '1',
            'weekday': 5,
          }),
          dict({
            'day': 'saturday',
            'levels': list([
              'economy',
              'economy',
              'economy',
              'economy',
              'economy',
              'economy',
              'economy',
              'economy',
              'economy',
              'economy',
              'economy',
              'economy',
              'off',
              'off',
              'off',
              'off',
              'off',
              'off',
              'off',
              'off',
              'off',
              'off',
              'economy',
              'economy',
              'comfort',
              'comfort',
              'comfort',
              'comfort',
              'comfort',
              'comfort',
              'comfort',
              'comfort',
              'comfort',
              'comfort',
              'comfort',
              'comfort',
              'comfort',
              'comfort',
              'comfort',
              'comfort',
              'comfort',
              'comfort',
              'comfort',
              'comfort',
              'off',
              'off',
              'economy',
              'economy',
            ]),
            'preset': '1',
            'weekday': 6,
          }),
        ]),
        'source': 'prog',
      }),
      'timezone': 'Europe/Rome',
      'winter': dict({
        'crono': list([
          'pre_comfort',
          'pre_comfort',
          'pre_comfort',
          'pre_comfort',
          'pre_comfort',
          'pre_comfort',
          'pre_comfort',
          'pre_comfort',
          'pre_comfort',
          'pre_comfort',
          'pre_comfort',
          'pre_comfort',
          'pre_comfort',
          'pre_comfort',
          'pre_comfort',
          'pre_comfort',
          'pre_comfort',
          'pre_comfort',
          'pre_comfort',
          'pre_comfort',
          'pre_comfort',
          'pre_comfort',
          'pre_comfort',
          'pre_comfort',
          'pre_comfort',
          'pre_comfort',
          'pre_comfort',
          'pre_comfort',
          'pre_comfort',
          'pre_comfort',
          'pre_comfort',
          'pre_comfort',
          'pre_comfort',
          'pre_comfort',
          'pre_comfort',
          'pre_comfort',
          'pre_comfort',
          'pre_comfort',
          'pre_comfort',
          'pre_comfort',
          'pre_comfort',
          'pre_comfort',
          'pre_comfort',
          'pre_comfort',
          'pre_comfort',
          'pre_comfort',
          'pre_comfort',
          'pre_comfort',
        ]),
        'days': list([
          dict({
            'day': 'sunday',
            'levels': list([
              'economy',
              'economy',
              'economy',
              'economy',
              'economy',
              'economy',
              'economy',
              'economy',
              'economy',
              'economy',
              'comfort',
              'comfort',
              'comfort',
              'comfort',
              'comfort',
              'comfort',
              'comfort',
              'comfort',
              'comfort',
              'comfort',
              'comfort',
              'comfort',
              'comfort',
              'comfort',
              'comfort',
              'comfort',
              'comfort',
              'comfort',
              'comfort',
              'comfort',
              'comfort',
              'comfort',
              'comfort',
              'comfort',
              'comfort',
              'comfort',
              'comfort',
              'comfort',
              'comfort',
              'comfort',
              'comfort',
              'comfort',
              'comfort',
              'comfort',
              'economy',
              'economy',
              'economy',
              'economy',
            ]),
            'preset': '1',
            'weekday': 0,
          }),
          dict({
            'day': 'monday',
            'levels': list([
              'economy',
              'economy',
              'economy',
              'economy',
              'economy',
              'economy',
              'economy',
              'economy',
              'economy',
              'economy',
              'comfort',
              'comfort',
              'comfort',
              'comfort',
              'comfort',
              'comfort',
              'comfort',
              'comfort',
              'comfort',
              'comfort',
              'comfort',
              'comfort',
              'comfort',
              'comfort',
              'comfort',
              'comfort',
              'comfort',
              'comfort',
              'comfort',
              'comfort',
              'comfort',
              'comfort',
              'comfort',
              'comfort',
              'comfort',
              'comfort',
              'comfort',
              'comfort',
              'comfort',
              'comfort',
              'comfort',
              'comfort',
              'comfort',
              'comfort',
              'economy',
              'economy',
              'economy',
              'economy',
            ]),
            'preset': '1',
            'weekday': 1,
          }),
          dict({
            'day': 'tuesday',
            'levels': list([
              'economy',
              'economy',
              'economy',
              'economy',
              'economy',
              'economy',
              'economy',
              'economy',
              'economy',
              'economy',
              'comfort',
              'comfort',
              'comfort',
              'comfort',
              'comfort',
              'comfort',
              'comfort',
              'comfort',
              'comfort',
              'comfort',
              'comfort',
              'comfort',
              'comfort',
              'comfort',
              'comfort',
              'comfort',
              'comfort',
              'comfort',
              'comfort',
              'comfort',
              'comfort',
              'comfort',
              'comfort',
              'comfort',
              'comfort',
              'comfort',
              'comfort',
              'comfort',
              'comfort',
              'comfort',
              'comfort',
              'comfort',
              'comfort',
              'comfort',
              'economy',
              'economy',
              'economy',
              'economy',
            ]),
            'preset': '1',
            'weekday': 2,
          }),
          dict({
            'day': 'wednesday',
            'levels': list([
              'economy',
              'economy',
              'economy',
              'economy',
              'economy',
              'economy',
              'economy',
              'economy',
              'economy',
              'economy',
              'comfort',
              'comfort',
              'comfort',
              'comfort',
              'comfort',
              'comfort',
              'comfort',
              'comfort',
              'comfort',
              'comfort',
              'comfort',
              'comfort',
              'comfort',
              'comfort',
              'comfort',
              'comfort',
              'comfort',
              'comfort',
              'comfort',
              'comfort',
              'comfort',
              'comfort',
              'comfort',
              'comfort',
              'comfort',
              'comfort',
              'comfort',
              'comfort',
              'comfort',
              'comfort',
              'comfort',
              'comfort',
              'comfort',
              'comfort',
              'economy',
              'economy',
              'economy',
              'economy',
            ]),
            'preset': '1',
            'weekday': 3,
          }),
          dict({
            'day': 'thursday',
            'levels': list([
              'economy',
              'economy',
              'economy',
              'economy',
              'economy',
              'economy',
              'economy',
              'economy',
              'economy',
              'economy',
              'comfort',
              'comfort',
              'comfort',
              'comfort',
              'comfort',
              'comfort',
              'comfort',
              'comfort',
              'comfort',
              'comfort',
              'comfort',
              'comfort',
              'comfort',
              'comfort',
              'comfort',
              'comfort',
              'comfort',
              'comfort',
              'comfort',
              'comfort',
              'comfort',
              'comfort',
              'comfort',
              'comfort',
              'comfort',
              'comfort',
              'comfort',
              'comfort',
              'comfort',
              'comfort',
              'comfort',
              'comfort',
              'comfort',
              'comfort',
              'economy',
              'economy',
              'economy',
              'economy',
            ]),
            'preset': '1',
            'weekday': 4,
          }),
          dict({
            'day': 'friday',
            'levels': list([
              'economy',
              'economy',
              'economy',
              'economy',
              'economy',
              'economy',
              'economy',
              'economy',
              'economy',
              'economy',
              'comfort',
              'comfort',
              'comfort',
              'comfort',
              'comfort',
              'comfort',
              'comfort',
              'comfort',
              'comfort',
              'comfort',
              'comfort',
              'comfort',
              'comfort',
              'comfort',
              'comfort',
              'comfort',
              'comfort',
              'comfort',
              'comfort',
              'comfort',
              'comfort',
              'comfort',
              'comfort',
              'comfort',
              'comfort',
              'comfort',
              'comfort',
              'comfort',
              'comfort',
              'comfort',
              'comfort',
              'comfort',
              'comfort',
              'comfort',
              'economy',
              'economy',
              'economy',
              'economy',
            ]),
            'preset': '1',
            'weekday': 5,
          }),
          dict({
            'day': 'saturday',
            'levels': list([
              'economy',
              'economy',
              'economy',
              'economy',
              'economy',
              'economy',
              'economy',
              'economy',
              'economy',
              'economy',
              'comfort',
              'comfort',
              'comfort',
              'comfort',
              'comfort',
              'comfort',
              'comfort',
              'comfort',
              'comfort',
              'comfort',
              'comfort',
              'comfort',
              'comfort',
              'comfort',
              'comfort',
              'comfort',
              'comfort',
              'comfort',
              'comfort',
              'comfort',
              'comfort',
              'comfort',
              'comfort',
              'comfort',
              'comfort',
              'comfort',
              'comfort',
              'comfort',
              'comfort',
              'comfort',
              'comfort',
              'comfort',
              'comfort',
              'comfort',
              'economy',
              'economy',
              'economy',
              'economy',
            ]),
            'preset': '1',
            'weekday': 6,
          }),
        ]),
        'source': 'prog',
      }),
      'zone': '001',
    }),
  })
# ---
